[2025-03-10 12:20:27,351: INFO: main: Welcome to our custom log]
[2025-03-14 23:49:48,859: INFO: main: >>>>>> stage Data Ingestion stage started <<<<<<]
[2025-03-14 23:49:48,862: INFO: common: yaml file: config/config.yaml loaded successfully]
[2025-03-14 23:49:48,863: INFO: common: yaml file: params.yaml loaded successfully]
[2025-03-14 23:49:48,863: INFO: common: created directory at: artifacts]
[2025-03-14 23:49:48,863: INFO: common: created directory at: artifacts/data_ingestion]
[2025-03-14 23:49:48,863: INFO: data_ingestion: Downloading data from https://drive.google.com/file/d/1OsDiZ9Kyo-Qxa1xYKVWAZPasFgzAdjcP/view?usp=sharing into file artifacts/data_ingestion/data.zip]
[2025-03-14 23:56:46,090: INFO: data_ingestion: Downloaded data from https://drive.google.com/file/d/1OsDiZ9Kyo-Qxa1xYKVWAZPasFgzAdjcP/view?usp=sharing into file artifacts/data_ingestion/data.zip]
[2025-03-14 23:57:11,959: INFO: main: >>>>>> stage Data Ingestion stage completed <<<<<<

x==========x]
[2025-03-16 14:44:43,496: INFO: common: yaml file: config/config.yaml loaded successfully]
[2025-03-16 14:44:43,504: INFO: common: yaml file: params.yaml loaded successfully]
[2025-03-16 14:44:43,504: INFO: common: created directory at: artifacts]
[2025-03-16 14:44:43,506: INFO: common: created directory at: artifacts/prepare_base_model]
[2025-03-16 20:20:38,468: INFO: common: yaml file: config/config.yaml loaded successfully]
[2025-03-16 20:20:38,483: INFO: common: yaml file: params.yaml loaded successfully]
[2025-03-16 20:20:38,487: INFO: common: created directory at: artifacts]
[2025-03-16 20:20:38,489: INFO: common: created directory at: artifacts/prepare_base_model]
[2025-03-16 20:21:41,854: WARNING: saving_utils: Compiled the loaded model, but the compiled metrics have yet to be built. `model.compile_metrics` will be empty until you train or evaluate the model.]
[2025-03-16 20:24:41,577: INFO: common: yaml file: config/config.yaml loaded successfully]
[2025-03-16 20:24:41,584: INFO: common: yaml file: params.yaml loaded successfully]
[2025-03-16 20:24:41,588: INFO: common: created directory at: artifacts]
[2025-03-16 20:24:41,592: INFO: common: created directory at: artifacts/prepare_base_model]
[2025-03-16 20:24:42,281: WARNING: saving_utils: Compiled the loaded model, but the compiled metrics have yet to be built. `model.compile_metrics` will be empty until you train or evaluate the model.]
[2025-03-16 20:24:42,544: WARNING: optimizer: At this time, the v2.11+ optimizer `tf.keras.optimizers.SGD` runs slowly on M1/M2 Macs, please use the legacy Keras optimizer instead, located at `tf.keras.optimizers.legacy.SGD`.]
[2025-03-16 20:26:29,844: INFO: common: yaml file: config/config.yaml loaded successfully]
[2025-03-16 20:26:29,849: INFO: common: yaml file: params.yaml loaded successfully]
[2025-03-16 20:26:29,850: INFO: common: created directory at: artifacts]
[2025-03-16 20:26:29,853: INFO: common: created directory at: artifacts/prepare_base_model]
[2025-03-16 20:26:30,817: WARNING: saving_utils: Compiled the loaded model, but the compiled metrics have yet to be built. `model.compile_metrics` will be empty until you train or evaluate the model.]
[2025-03-16 20:26:30,975: WARNING: optimizer: At this time, the v2.11+ optimizer `tf.keras.optimizers.SGD` runs slowly on M1/M2 Macs, please use the legacy Keras optimizer instead, located at `tf.keras.optimizers.legacy.SGD`.]
[2025-03-16 20:26:30,980: WARNING: __init__: There is a known slowdown when using v2.11+ Keras optimizers on M1/M2 Macs. Falling back to the legacy Keras optimizer, i.e., `tf.keras.optimizers.legacy.SGD`.]
[2025-03-16 20:30:48,541: INFO: main: >>>>>> stage Data Ingestion stage started <<<<<<]
[2025-03-16 20:30:48,544: INFO: common: yaml file: config/config.yaml loaded successfully]
[2025-03-16 20:30:48,545: INFO: common: yaml file: params.yaml loaded successfully]
[2025-03-16 20:30:48,545: INFO: common: created directory at: artifacts]
[2025-03-16 20:30:48,545: INFO: common: created directory at: artifacts/data_ingestion]
[2025-03-16 20:30:48,545: INFO: data_ingestion: Downloading data from https://drive.google.com/file/d/1OsDiZ9Kyo-Qxa1xYKVWAZPasFgzAdjcP/view?usp=sharing into file artifacts/data_ingestion/data.zip]
[2025-03-16 20:37:12,922: INFO: data_ingestion: Downloaded data from https://drive.google.com/file/d/1OsDiZ9Kyo-Qxa1xYKVWAZPasFgzAdjcP/view?usp=sharing into file artifacts/data_ingestion/data.zip]
[2025-03-16 20:37:34,646: INFO: main: >>>>>> stage Data Ingestion stage completed <<<<<<

x==========x]
[2025-03-16 20:37:40,000: INFO: main: *******************]
[2025-03-16 20:37:40,000: INFO: main: >>>>>> stage Prepare Base Model stage started <<<<<<]
[2025-03-16 20:37:40,002: INFO: common: yaml file: config/config.yaml loaded successfully]
[2025-03-16 20:37:40,003: INFO: common: yaml file: params.yaml loaded successfully]
[2025-03-16 20:37:40,003: INFO: common: created directory at: artifacts]
[2025-03-16 20:37:40,003: INFO: common: created directory at: artifacts/prepare_base_model]
[2025-03-16 20:37:40,713: WARNING: saving_utils: Compiled the loaded model, but the compiled metrics have yet to be built. `model.compile_metrics` will be empty until you train or evaluate the model.]
[2025-03-16 20:37:40,846: WARNING: optimizer: At this time, the v2.11+ optimizer `tf.keras.optimizers.SGD` runs slowly on M1/M2 Macs, please use the legacy Keras optimizer instead, located at `tf.keras.optimizers.legacy.SGD`.]
[2025-03-16 20:37:40,848: WARNING: __init__: There is a known slowdown when using v2.11+ Keras optimizers on M1/M2 Macs. Falling back to the legacy Keras optimizer, i.e., `tf.keras.optimizers.legacy.SGD`.]
[2025-03-16 20:37:40,857: INFO: main: >>>>>> stage Prepare Base Model stage completed <<<<<<

x==========x]
[2025-03-16 20:47:27,245: INFO: common: yaml file: config/config.yaml loaded successfully]
[2025-03-16 20:47:27,251: INFO: common: yaml file: params.yaml loaded successfully]
[2025-03-16 20:47:27,252: INFO: common: created directory at: artifacts]
[2025-03-16 20:47:27,252: INFO: common: created directory at: artifacts/prepare_base_model]
[2025-03-16 20:47:27,904: WARNING: saving_utils: Compiled the loaded model, but the compiled metrics have yet to be built. `model.compile_metrics` will be empty until you train or evaluate the model.]
[2025-03-16 20:47:28,047: WARNING: optimizer: At this time, the v2.11+ optimizer `tf.keras.optimizers.SGD` runs slowly on M1/M2 Macs, please use the legacy Keras optimizer instead, located at `tf.keras.optimizers.legacy.SGD`.]
[2025-03-16 20:47:28,050: WARNING: __init__: There is a known slowdown when using v2.11+ Keras optimizers on M1/M2 Macs. Falling back to the legacy Keras optimizer, i.e., `tf.keras.optimizers.legacy.SGD`.]
[2025-03-17 10:42:42,023: INFO: common: yaml file: config/config.yaml loaded successfully]
[2025-03-17 10:42:42,026: INFO: common: yaml file: params.yaml loaded successfully]
[2025-03-17 10:42:42,026: INFO: common: created directory at: artifacts]
[2025-03-17 10:42:42,027: INFO: common: created directory at: artifacts/training]
[2025-03-17 10:51:36,170: INFO: common: yaml file: config/config.yaml loaded successfully]
[2025-03-17 10:51:36,176: INFO: common: yaml file: params.yaml loaded successfully]
[2025-03-17 10:51:36,178: INFO: common: created directory at: artifacts]
[2025-03-17 10:51:36,179: INFO: common: created directory at: artifacts/prepare_base_model]
[2025-03-17 10:51:36,937: WARNING: saving_utils: Compiled the loaded model, but the compiled metrics have yet to be built. `model.compile_metrics` will be empty until you train or evaluate the model.]
[2025-03-17 10:51:37,156: WARNING: optimizer: At this time, the v2.11+ optimizer `tf.keras.optimizers.SGD` runs slowly on M1/M2 Macs, please use the legacy Keras optimizer instead, located at `tf.keras.optimizers.legacy.SGD`.]
[2025-03-17 10:51:37,160: WARNING: __init__: There is a known slowdown when using v2.11+ Keras optimizers on M1/M2 Macs. Falling back to the legacy Keras optimizer, i.e., `tf.keras.optimizers.legacy.SGD`.]
[2025-03-17 10:53:51,968: INFO: main: >>>>>> stage Data Ingestion stage started <<<<<<]
[2025-03-17 10:53:51,970: INFO: common: yaml file: config/config.yaml loaded successfully]
[2025-03-17 10:53:51,972: INFO: common: yaml file: params.yaml loaded successfully]
[2025-03-17 10:53:51,972: INFO: common: created directory at: artifacts]
[2025-03-17 10:53:51,972: INFO: common: created directory at: artifacts/data_ingestion]
[2025-03-17 10:53:51,972: INFO: data_ingestion: Downloading data from https://drive.google.com/file/d/1OsDiZ9Kyo-Qxa1xYKVWAZPasFgzAdjcP/view?usp=sharing into file artifacts/data_ingestion/data.zip]
[2025-03-17 10:59:20,231: INFO: data_ingestion: Downloaded data from https://drive.google.com/file/d/1OsDiZ9Kyo-Qxa1xYKVWAZPasFgzAdjcP/view?usp=sharing into file artifacts/data_ingestion/data.zip]
[2025-03-17 11:01:23,278: INFO: main: >>>>>> stage Data Ingestion stage completed <<<<<<

x==========x]
[2025-03-17 11:01:35,140: INFO: main: *******************]
[2025-03-17 11:01:35,140: INFO: main: >>>>>> stage Prepare Base Model stage started <<<<<<]
[2025-03-17 11:01:35,143: INFO: common: yaml file: config/config.yaml loaded successfully]
[2025-03-17 11:01:35,147: INFO: common: yaml file: params.yaml loaded successfully]
[2025-03-17 11:01:35,147: INFO: common: created directory at: artifacts]
[2025-03-17 11:01:35,147: INFO: common: created directory at: artifacts/prepare_base_model]
[2025-03-17 11:01:36,254: WARNING: saving_utils: Compiled the loaded model, but the compiled metrics have yet to be built. `model.compile_metrics` will be empty until you train or evaluate the model.]
[2025-03-17 11:01:36,576: WARNING: optimizer: At this time, the v2.11+ optimizer `tf.keras.optimizers.SGD` runs slowly on M1/M2 Macs, please use the legacy Keras optimizer instead, located at `tf.keras.optimizers.legacy.SGD`.]
[2025-03-17 11:01:36,581: WARNING: __init__: There is a known slowdown when using v2.11+ Keras optimizers on M1/M2 Macs. Falling back to the legacy Keras optimizer, i.e., `tf.keras.optimizers.legacy.SGD`.]
[2025-03-17 11:01:36,765: INFO: main: >>>>>> stage Prepare Base Model stage completed <<<<<<

x==========x]
[2025-03-17 11:02:36,081: INFO: common: yaml file: config/config.yaml loaded successfully]
[2025-03-17 11:02:36,088: INFO: common: yaml file: params.yaml loaded successfully]
[2025-03-17 11:02:36,090: INFO: common: created directory at: artifacts]
[2025-03-17 11:02:36,092: INFO: common: created directory at: artifacts/training]
[2025-03-17 11:03:19,685: INFO: common: yaml file: config/config.yaml loaded successfully]
[2025-03-17 11:03:19,688: INFO: common: yaml file: params.yaml loaded successfully]
[2025-03-17 11:03:19,695: INFO: common: created directory at: artifacts]
[2025-03-17 11:03:19,699: INFO: common: created directory at: artifacts/training]
[2025-03-17 11:05:31,947: INFO: common: yaml file: config/config.yaml loaded successfully]
[2025-03-17 11:05:31,951: INFO: common: yaml file: params.yaml loaded successfully]
[2025-03-17 11:05:31,952: INFO: common: created directory at: artifacts]
[2025-03-17 11:05:31,952: INFO: common: created directory at: artifacts/training]
[2025-03-17 11:06:15,975: INFO: common: yaml file: config/config.yaml loaded successfully]
[2025-03-17 11:06:15,980: INFO: common: yaml file: params.yaml loaded successfully]
[2025-03-17 11:06:15,982: INFO: common: created directory at: artifacts]
[2025-03-17 11:06:15,983: INFO: common: created directory at: artifacts/training]
[2025-03-17 11:06:40,103: INFO: common: yaml file: config/config.yaml loaded successfully]
[2025-03-17 11:06:40,118: INFO: common: yaml file: params.yaml loaded successfully]
[2025-03-17 11:06:40,122: INFO: common: created directory at: artifacts]
[2025-03-17 11:06:40,125: INFO: common: created directory at: artifacts/training]
[2025-03-17 11:37:08,505: INFO: common: yaml file: config/config.yaml loaded successfully]
[2025-03-17 11:37:08,513: INFO: common: yaml file: params.yaml loaded successfully]
[2025-03-17 11:37:08,514: INFO: common: created directory at: artifacts]
[2025-03-17 11:37:08,518: INFO: common: created directory at: artifacts/training]
[2025-03-17 11:40:12,858: INFO: common: yaml file: config/config.yaml loaded successfully]
[2025-03-17 11:40:12,868: INFO: common: yaml file: params.yaml loaded successfully]
[2025-03-17 11:40:12,869: INFO: common: created directory at: artifacts]
[2025-03-17 11:40:12,870: INFO: common: created directory at: artifacts/prepare_base_model]
[2025-03-17 11:40:13,631: WARNING: saving_utils: Compiled the loaded model, but the compiled metrics have yet to be built. `model.compile_metrics` will be empty until you train or evaluate the model.]
[2025-03-17 11:40:13,803: WARNING: optimizer: At this time, the v2.11+ optimizer `tf.keras.optimizers.SGD` runs slowly on M1/M2 Macs, please use the legacy Keras optimizer instead, located at `tf.keras.optimizers.legacy.SGD`.]
[2025-03-17 11:40:13,806: WARNING: __init__: There is a known slowdown when using v2.11+ Keras optimizers on M1/M2 Macs. Falling back to the legacy Keras optimizer, i.e., `tf.keras.optimizers.legacy.SGD`.]
[2025-03-17 11:40:31,579: INFO: common: yaml file: config/config.yaml loaded successfully]
[2025-03-17 11:40:31,583: INFO: common: yaml file: params.yaml loaded successfully]
[2025-03-17 11:40:31,584: INFO: common: created directory at: artifacts]
[2025-03-17 11:40:31,585: INFO: common: created directory at: artifacts/training]
[2025-03-17 16:35:08,359: INFO: common: yaml file: config/config.yaml loaded successfully]
[2025-03-17 16:35:08,369: INFO: common: yaml file: params.yaml loaded successfully]
[2025-03-17 16:35:08,371: INFO: common: created directory at: artifacts]
[2025-03-17 16:35:08,374: INFO: common: created directory at: artifacts/training]
[2025-03-17 16:35:41,434: INFO: common: yaml file: config/config.yaml loaded successfully]
[2025-03-17 16:35:41,438: INFO: common: yaml file: params.yaml loaded successfully]
[2025-03-17 16:35:41,439: INFO: common: created directory at: artifacts]
[2025-03-17 16:35:41,440: INFO: common: created directory at: artifacts/training]
[2025-03-17 16:58:40,206: INFO: main: >>>>>> stage Data Ingestion stage started <<<<<<]
[2025-03-17 16:58:40,211: INFO: common: yaml file: config/config.yaml loaded successfully]
[2025-03-17 16:58:40,214: INFO: common: yaml file: params.yaml loaded successfully]
[2025-03-17 16:58:40,215: INFO: common: created directory at: artifacts]
[2025-03-17 16:58:40,215: INFO: common: created directory at: artifacts/data_ingestion]
[2025-03-17 16:58:40,215: INFO: data_ingestion: Downloading data from https://drive.google.com/file/d/1OsDiZ9Kyo-Qxa1xYKVWAZPasFgzAdjcP/view?usp=sharing into file artifacts/data_ingestion/data.zip]
[2025-03-17 17:10:08,969: INFO: data_ingestion: Downloaded data from https://drive.google.com/file/d/1OsDiZ9Kyo-Qxa1xYKVWAZPasFgzAdjcP/view?usp=sharing into file artifacts/data_ingestion/data.zip]
[2025-03-17 17:11:14,391: INFO: main: >>>>>> stage Data Ingestion stage completed <<<<<<

x==========x]
[2025-03-17 17:11:31,263: INFO: main: *******************]
[2025-03-17 17:11:31,268: INFO: main: >>>>>> stage Prepare Base Model stage started <<<<<<]
[2025-03-17 17:11:31,276: INFO: common: yaml file: config/config.yaml loaded successfully]
[2025-03-17 17:11:31,288: INFO: common: yaml file: params.yaml loaded successfully]
[2025-03-17 17:11:31,291: INFO: common: created directory at: artifacts]
[2025-03-17 17:11:31,292: INFO: common: created directory at: artifacts/prepare_base_model]
[2025-03-17 17:11:32,688: WARNING: saving_utils: Compiled the loaded model, but the compiled metrics have yet to be built. `model.compile_metrics` will be empty until you train or evaluate the model.]
[2025-03-17 17:11:33,652: WARNING: optimizer: At this time, the v2.11+ optimizer `tf.keras.optimizers.SGD` runs slowly on M1/M2 Macs, please use the legacy Keras optimizer instead, located at `tf.keras.optimizers.legacy.SGD`.]
[2025-03-17 17:11:33,679: WARNING: __init__: There is a known slowdown when using v2.11+ Keras optimizers on M1/M2 Macs. Falling back to the legacy Keras optimizer, i.e., `tf.keras.optimizers.legacy.SGD`.]
[2025-03-17 17:11:34,079: INFO: main: >>>>>> stage Prepare Base Model stage completed <<<<<<

x==========x]
[2025-03-17 17:11:34,123: INFO: main: *******************]
[2025-03-17 17:11:34,123: INFO: main: >>>>>> stage Training Model stage started <<<<<<]
[2025-03-17 17:11:34,131: INFO: common: yaml file: config/config.yaml loaded successfully]
[2025-03-17 17:11:34,138: INFO: common: yaml file: params.yaml loaded successfully]
[2025-03-17 17:11:34,140: INFO: common: created directory at: artifacts]
[2025-03-17 17:11:34,140: ERROR: main: 'ConfigurationManager' object has no attribute 'get_training_config']
Traceback (most recent call last):
  File "main.py", line 44, in <module>
    training_model.main()
  File "/Users/megvu/Desktop/github/Kidney-Disease-Classification/src/cnnClassifier/pipeline/stage_03_model_training.py", line 14, in main
    training_config = config.get_training_config()
AttributeError: 'ConfigurationManager' object has no attribute 'get_training_config'
[2025-03-17 17:14:19,635: INFO: main: >>>>>> stage Data Ingestion stage started <<<<<<]
[2025-03-17 17:14:19,642: INFO: common: yaml file: config/config.yaml loaded successfully]
[2025-03-17 17:14:19,647: INFO: common: yaml file: params.yaml loaded successfully]
[2025-03-17 17:14:19,648: INFO: common: created directory at: artifacts]
[2025-03-17 17:14:19,648: INFO: common: created directory at: artifacts/data_ingestion]
[2025-03-17 17:14:19,648: INFO: data_ingestion: Downloading data from https://drive.google.com/file/d/1OsDiZ9Kyo-Qxa1xYKVWAZPasFgzAdjcP/view?usp=sharing into file artifacts/data_ingestion/data.zip]
[2025-03-17 17:15:08,495: INFO: main: >>>>>> stage Data Ingestion stage started <<<<<<]
[2025-03-17 17:15:08,501: INFO: common: yaml file: config/config.yaml loaded successfully]
[2025-03-17 17:15:08,506: INFO: common: yaml file: params.yaml loaded successfully]
[2025-03-17 17:15:08,506: INFO: common: created directory at: artifacts]
[2025-03-17 17:15:08,507: INFO: common: created directory at: artifacts/data_ingestion]
[2025-03-17 17:15:08,507: INFO: data_ingestion: Downloading data from https://drive.google.com/file/d/1OsDiZ9Kyo-Qxa1xYKVWAZPasFgzAdjcP/view?usp=sharing into file artifacts/data_ingestion/data.zip]
[2025-03-17 17:21:59,452: INFO: data_ingestion: Downloaded data from https://drive.google.com/file/d/1OsDiZ9Kyo-Qxa1xYKVWAZPasFgzAdjcP/view?usp=sharing into file artifacts/data_ingestion/data.zip]
[2025-03-17 17:23:16,233: INFO: main: >>>>>> stage Data Ingestion stage completed <<<<<<

x==========x]
[2025-03-17 17:23:30,779: INFO: main: *******************]
[2025-03-17 17:23:30,780: INFO: main: >>>>>> stage Prepare Base Model stage started <<<<<<]
[2025-03-17 17:23:30,784: INFO: common: yaml file: config/config.yaml loaded successfully]
[2025-03-17 17:23:30,788: INFO: common: yaml file: params.yaml loaded successfully]
[2025-03-17 17:23:30,788: INFO: common: created directory at: artifacts]
[2025-03-17 17:23:30,788: INFO: common: created directory at: artifacts/prepare_base_model]
[2025-03-17 17:23:32,667: WARNING: saving_utils: Compiled the loaded model, but the compiled metrics have yet to be built. `model.compile_metrics` will be empty until you train or evaluate the model.]
[2025-03-17 17:23:33,111: WARNING: optimizer: At this time, the v2.11+ optimizer `tf.keras.optimizers.SGD` runs slowly on M1/M2 Macs, please use the legacy Keras optimizer instead, located at `tf.keras.optimizers.legacy.SGD`.]
[2025-03-17 17:23:33,116: WARNING: __init__: There is a known slowdown when using v2.11+ Keras optimizers on M1/M2 Macs. Falling back to the legacy Keras optimizer, i.e., `tf.keras.optimizers.legacy.SGD`.]
[2025-03-17 17:23:33,461: INFO: main: >>>>>> stage Prepare Base Model stage completed <<<<<<

x==========x]
[2025-03-17 17:23:33,465: INFO: main: *******************]
[2025-03-17 17:23:33,466: INFO: main: >>>>>> stage Training Model stage started <<<<<<]
[2025-03-17 17:23:33,472: INFO: common: yaml file: config/config.yaml loaded successfully]
[2025-03-17 17:23:33,486: INFO: common: yaml file: params.yaml loaded successfully]
[2025-03-17 17:23:33,487: INFO: common: created directory at: artifacts]
[2025-03-17 17:23:33,487: INFO: common: created directory at: artifacts/training]
[2025-03-17 18:32:41,581: INFO: main: >>>>>> stage Training Model stage completed <<<<<<

x==========x]
